//lib:foo.txt
//lib:lib
//lib10:BUILD
//lib10:foo.txt
//lib10:lib10
//lib11:BUILD
//lib11:foo.txt
//lib11:lib11
//lib12:BUILD
//lib12:foo.txt
//lib12:lib12
//lib13:BUILD
//lib13:foo.txt
//lib13:lib13
//lib14:BUILD
//lib14:foo.txt
//lib14:lib14
//lib15:BUILD
//lib15:foo.txt
//lib15:lib15
//lib16:BUILD
//lib16:foo.txt
//lib16:lib16
//lib17:BUILD
//lib17:foo.txt
//lib17:lib17
//lib18:BUILD
//lib18:foo.txt
//lib18:lib18
//lib19:BUILD
//lib19:foo.txt
//lib19:lib19
