//lib:BUILD
//lib:lib
//lib3:BUILD
//lib3:foo.txt
//lib3:lib3
//lib4:BUILD
//lib4:foo.txt
//lib4:lib4
